Archive member included to satisfy reference by file (symbol)

c:/program files (x86)/atmel/studio/7.0/toolchain/avr8/avr8-gnu-toolchain/bin/../lib/gcc/avr/5.4.0/../../../../avr/lib/avr51\libm.a(addsf3.o)
                              main.o (__subsf3)
c:/program files (x86)/atmel/studio/7.0/toolchain/avr8/avr8-gnu-toolchain/bin/../lib/gcc/avr/5.4.0/../../../../avr/lib/avr51\libm.a(addsf3x.o)
                              c:/program files (x86)/atmel/studio/7.0/toolchain/avr8/avr8-gnu-toolchain/bin/../lib/gcc/avr/5.4.0/../../../../avr/lib/avr51\libm.a(addsf3.o) (__addsf3x)
c:/program files (x86)/atmel/studio/7.0/toolchain/avr8/avr8-gnu-toolchain/bin/../lib/gcc/avr/5.4.0/../../../../avr/lib/avr51\libm.a(cmpsf2.o)
                              main.o (__lesf2)
c:/program files (x86)/atmel/studio/7.0/toolchain/avr8/avr8-gnu-toolchain/bin/../lib/gcc/avr/5.4.0/../../../../avr/lib/avr51\libm.a(divsf3.o)
                              main.o (__divsf3)
c:/program files (x86)/atmel/studio/7.0/toolchain/avr8/avr8-gnu-toolchain/bin/../lib/gcc/avr/5.4.0/../../../../avr/lib/avr51\libm.a(divsf3x.o)
                              c:/program files (x86)/atmel/studio/7.0/toolchain/avr8/avr8-gnu-toolchain/bin/../lib/gcc/avr/5.4.0/../../../../avr/lib/avr51\libm.a(divsf3.o) (__divsf3x)
c:/program files (x86)/atmel/studio/7.0/toolchain/avr8/avr8-gnu-toolchain/bin/../lib/gcc/avr/5.4.0/../../../../avr/lib/avr51\libm.a(floatsisf.o)
                              main.o (__floatsisf)
c:/program files (x86)/atmel/studio/7.0/toolchain/avr8/avr8-gnu-toolchain/bin/../lib/gcc/avr/5.4.0/../../../../avr/lib/avr51\libm.a(fp_cmp.o)
                              c:/program files (x86)/atmel/studio/7.0/toolchain/avr8/avr8-gnu-toolchain/bin/../lib/gcc/avr/5.4.0/../../../../avr/lib/avr51\libm.a(cmpsf2.o) (__fp_cmp)
c:/program files (x86)/atmel/studio/7.0/toolchain/avr8/avr8-gnu-toolchain/bin/../lib/gcc/avr/5.4.0/../../../../avr/lib/avr51\libm.a(fp_inf.o)
                              c:/program files (x86)/atmel/studio/7.0/toolchain/avr8/avr8-gnu-toolchain/bin/../lib/gcc/avr/5.4.0/../../../../avr/lib/avr51\libm.a(addsf3x.o) (__fp_inf)
c:/program files (x86)/atmel/studio/7.0/toolchain/avr8/avr8-gnu-toolchain/bin/../lib/gcc/avr/5.4.0/../../../../avr/lib/avr51\libm.a(fp_nan.o)
                              c:/program files (x86)/atmel/studio/7.0/toolchain/avr8/avr8-gnu-toolchain/bin/../lib/gcc/avr/5.4.0/../../../../avr/lib/avr51\libm.a(addsf3x.o) (__fp_nan)
c:/program files (x86)/atmel/studio/7.0/toolchain/avr8/avr8-gnu-toolchain/bin/../lib/gcc/avr/5.4.0/../../../../avr/lib/avr51\libm.a(fp_pscA.o)
                              c:/program files (x86)/atmel/studio/7.0/toolchain/avr8/avr8-gnu-toolchain/bin/../lib/gcc/avr/5.4.0/../../../../avr/lib/avr51\libm.a(addsf3x.o) (__fp_pscA)
c:/program files (x86)/atmel/studio/7.0/toolchain/avr8/avr8-gnu-toolchain/bin/../lib/gcc/avr/5.4.0/../../../../avr/lib/avr51\libm.a(fp_pscB.o)
                              c:/program files (x86)/atmel/studio/7.0/toolchain/avr8/avr8-gnu-toolchain/bin/../lib/gcc/avr/5.4.0/../../../../avr/lib/avr51\libm.a(addsf3x.o) (__fp_pscB)
c:/program files (x86)/atmel/studio/7.0/toolchain/avr8/avr8-gnu-toolchain/bin/../lib/gcc/avr/5.4.0/../../../../avr/lib/avr51\libm.a(fp_round.o)
                              c:/program files (x86)/atmel/studio/7.0/toolchain/avr8/avr8-gnu-toolchain/bin/../lib/gcc/avr/5.4.0/../../../../avr/lib/avr51\libm.a(addsf3.o) (__fp_round)
c:/program files (x86)/atmel/studio/7.0/toolchain/avr8/avr8-gnu-toolchain/bin/../lib/gcc/avr/5.4.0/../../../../avr/lib/avr51\libm.a(fp_split3.o)
                              c:/program files (x86)/atmel/studio/7.0/toolchain/avr8/avr8-gnu-toolchain/bin/../lib/gcc/avr/5.4.0/../../../../avr/lib/avr51\libm.a(addsf3x.o) (__fp_split3)
c:/program files (x86)/atmel/studio/7.0/toolchain/avr8/avr8-gnu-toolchain/bin/../lib/gcc/avr/5.4.0/../../../../avr/lib/avr51\libm.a(fp_zero.o)
                              c:/program files (x86)/atmel/studio/7.0/toolchain/avr8/avr8-gnu-toolchain/bin/../lib/gcc/avr/5.4.0/../../../../avr/lib/avr51\libm.a(addsf3x.o) (__fp_zero)
c:/program files (x86)/atmel/studio/7.0/toolchain/avr8/avr8-gnu-toolchain/bin/../lib/gcc/avr/5.4.0/../../../../avr/lib/avr51\libm.a(gesf2.o)
                              main.o (__gesf2)
c:/program files (x86)/atmel/studio/7.0/toolchain/avr8/avr8-gnu-toolchain/bin/../lib/gcc/avr/5.4.0/../../../../avr/lib/avr51\libprintf_flt.a(vfprintf_flt.o)
                              (vfprintf)
c:/program files (x86)/atmel/studio/7.0/toolchain/avr8/avr8-gnu-toolchain/bin/../lib/gcc/avr/5.4.0/avr51\libgcc.a(_divmodhi4.o)
                              ds1621avr.o (__divmodhi4)
c:/program files (x86)/atmel/studio/7.0/toolchain/avr8/avr8-gnu-toolchain/bin/../lib/gcc/avr/5.4.0/avr51\libgcc.a(_exit.o)
                              C:/Program Files (x86)/Atmel/Studio/7.0/Packs/atmel/ATmega_DFP/1.3.300/gcc/dev/atmega1280/avr51/crtatmega1280.o (exit)
[...]
Memory Configuration

Name             Origin             Length             Attributes
text             0x00000000         0x00020000         xr
data             0x00800100         0x0000ff00         rw !x
eeprom           0x00810000         0x00010000         rw !x
fuse             0x00820000         0x00000003         rw !x
lock             0x00830000         0x00000400         rw !x
signature        0x00840000         0x00000400         rw !x
user_signatures  0x00850000         0x00000400         rw !x
*default*        0x00000000         0xffffffff

Linker script and memory map

Address of section .data set to 0x800200
LOAD C:/Program Files (x86)/Atmel/Studio/7.0/Packs/atmel/ATmega_DFP/1.3.300/gcc/dev/atmega1280/avr51/crtatmega1280.o
LOAD ds1621avr.o
LOAD HD44780.o
LOAD main.o
LOAD usart.o
START GROUP
LOAD c:/program files (x86)/atmel/studio/7.0/toolchain/avr8/avr8-gnu-toolchain/bin/../lib/gcc/avr/5.4.0/../../../../avr/lib/avr51\libm.a
END GROUP
LOAD c:/program files (x86)/atmel/studio/7.0/toolchain/avr8/avr8-gnu-toolchain/bin/../lib/gcc/avr/5.4.0/../../../../avr/lib/avr51\libprintf_flt.a
LOAD c:/program files (x86)/atmel/studio/7.0/toolchain/avr8/avr8-gnu-toolchain/bin/../lib/gcc/avr/5.4.0/avr51\libgcc.a
LOAD c:/program files (x86)/atmel/studio/7.0/toolchain/avr8/avr8-gnu-toolchain/bin/../lib/gcc/avr/5.4.0/../../../../avr/lib/avr51\libm.a
START GROUP
LOAD c:/program files (x86)/atmel/studio/7.0/toolchain/avr8/avr8-gnu-toolchain/bin/../lib/gcc/avr/5.4.0/avr51\libgcc.a
LOAD c:/program files (x86)/atmel/studio/7.0/toolchain/avr8/avr8-gnu-toolchain/bin/../lib/gcc/avr/5.4.0/../../../../avr/lib/avr51\libm.a
LOAD c:/program files (x86)/atmel/studio/7.0/toolchain/avr8/avr8-gnu-toolchain/bin/../lib/gcc/avr/5.4.0/../../../../avr/lib/avr51\libc.a
LOAD C:/Program Files (x86)/Atmel/Studio/7.0/Packs/atmel/ATmega_DFP/1.3.300/gcc/dev/atmega1280/avr51\libatmega1280.a
END GROUP
                0x00000000                __TEXT_REGION_ORIGIN__ = DEFINED (__TEXT_REGION_ORIGIN__)?__TEXT_REGION_ORIGIN__:0x0
                0x00800100                __DATA_REGION_ORIGIN__ = DEFINED (__DATA_REGION_ORIGIN__)?__DATA_REGION_ORIGIN__:0x800100
                0x00020000                __TEXT_REGION_LENGTH__ = DEFINED (__TEXT_REGION_LENGTH__)?__TEXT_REGION_LENGTH__:0x20000
                0x0000ff00                __DATA_REGION_LENGTH__ = DEFINED (__DATA_REGION_LENGTH__)?__DATA_REGION_LENGTH__:0xff00
                0x00010000                __EEPROM_REGION_LENGTH__ = DEFINED (__EEPROM_REGION_LENGTH__)?__EEPROM_REGION_LENGTH__:0x10000
                [0x00000003]                __FUSE_REGION_LENGTH__ = DEFINED (__FUSE_REGION_LENGTH__)?__FUSE_REGION_LENGTH__:0x400
                0x00000400                __LOCK_REGION_LENGTH__ = DEFINED (__LOCK_REGION_LENGTH__)?__LOCK_REGION_LENGTH__:0x400
                0x00000400                __SIGNATURE_REGION_LENGTH__ = DEFINED (__SIGNATURE_REGION_LENGTH__)?__SIGNATURE_REGION_LENGTH__:0x400
                0x00000400                __USER_SIGNATURE_REGION_LENGTH__ = DEFINED (__USER_SIGNATURE_REGION_LENGTH__)?__USER_SIGNATURE_REGION_LENGTH__:0x400

.hash
 *(.hash)

.dynsym
 *(.dynsym)

.dynstr
 *(.dynstr)

.gnu.version
 *(.gnu.version)

.gnu.version_d
 *(.gnu.version_d)

.gnu.version_r
 *(.gnu.version_r)

.rel.init
 *(.rel.init)

.rela.init
 *(.rela.init)

.rel.text
 *(.rel.text)
 *(.rel.text.*)
 *(.rel.gnu.linkonce.t*)

.rela.text
 *(.rela.text)
 *(.rela.text.*)
 *(.rela.gnu.linkonce.t*)

.rel.fini
 *(.rel.fini)

.rela.fini
 *(.rela.fini)

.rel.rodata
 *(.rel.rodata)
 *(.rel.rodata.*)
 *(.rel.gnu.linkonce.r*)

.rela.rodata
 *(.rela.rodata)
 *(.rela.rodata.*)
 *(.rela.gnu.linkonce.r*)

.rel.data
 *(.rel.data)
 *(.rel.data.*)
 *(.rel.gnu.linkonce.d*)

.rela.data
 *(.rela.data)
 *(.rela.data.*)
 *(.rela.gnu.linkonce.d*)

.rel.ctors
 *(.rel.ctors)

.rela.ctors
 *(.rela.ctors)

.rel.dtors
 *(.rel.dtors)

.rela.dtors
 *(.rela.dtors)

.rel.got
 *(.rel.got)

.rela.got
 *(.rela.got)

.rel.bss
 *(.rel.bss)

.rela.bss
 *(.rela.bss)

.rel.plt
 *(.rel.plt)

.rela.plt
 *(.rela.plt)

.text           0x00000000     0x1c0e
 *(.vectors)
 .vectors       0x00000000       0xe4 C:/Program Files (x86)/Atmel/Studio/7.0/Packs/atmel/ATmega_DFP/1.3.300/gcc/dev/atmega1280/avr51/crtatmega1280.o
                0x00000000                __vector_default
                0x00000000                __vectors
 *(.vectors)
 *(.progmem.gcc*)
 .progmem.gcc_sw_table.ds1621StateMachine
                0x000000e4        0xe ds1621avr.o
                0x000000f2                . = ALIGN (0x2)
                0x000000f2                __trampolines_start = .
 *(.trampolines)
 .trampolines   0x000000f2        0x0 linker stubs
 *(.trampolines*)
                0x000000f2                __trampolines_end = .
 *libprintf_flt.a:*(.progmem.data)
 .progmem.data  0x000000f2        0x8 c:/program files (x86)/atmel/studio/7.0/toolchain/avr8/avr8-gnu-toolchain/bin/../lib/gcc/avr/5.4.0/../../../../avr/lib/avr51\libprintf_flt.a(vfprintf_flt.o)
 *libc.a:*(.progmem.data)
 .progmem.data  0x000000fa       0xfa c:/program files (x86)/atmel/studio/7.0/toolchain/avr8/avr8-gnu-toolchain/bin/../lib/gcc/avr/5.4.0/../../../../avr/lib/avr51\libc.a(ftoa_engine.o)
 *(.progmem*)
                0x000001f4                . = ALIGN (0x2)
 *(.jumptables)
 *(.jumptables*)
 *(.lowtext)
 *(.lowtext*)
                0x000001f4                __ctors_start = .
 *(.ctors)
                0x000001f4                __ctors_end = .
                0x000001f4                __dtors_start = .
 *(.dtors)
                0x000001f4                __dtors_end = .
 SORT(*)(.ctors)
 SORT(*)(.dtors)
 *(.init0)
 .init0         0x000001f4        0x0 C:/Program Files (x86)/Atmel/Studio/7.0/Packs/atmel/ATmega_DFP/1.3.300/gcc/dev/atmega1280/avr51/crtatmega1280.o
                0x000001f4                __init
 *(.init0)
 *(.init1)
 *(.init1)
 *(.init2)
 .init2         0x000001f4        0xc C:/Program Files (x86)/Atmel/Studio/7.0/Packs/atmel/ATmega_DFP/1.3.300/gcc/dev/atmega1280/avr51/crtatmega1280.o
 *(.init2)
 *(.init3)
 *(.init3)
 *(.init4)
 .init4         0x00000200       0x1a c:/program files (x86)/atmel/studio/7.0/toolchain/avr8/avr8-gnu-toolchain/bin/../lib/gcc/avr/5.4.0/avr51\libgcc.a(_copy_data.o)
                0x00000200                __do_copy_data
 .init4         0x0000021a       0x10 c:/program files (x86)/atmel/studio/7.0/toolchain/avr8/avr8-gnu-toolchain/bin/../lib/gcc/avr/5.4.0/avr51\libgcc.a(_clear_bss.o)
                0x0000021a                __do_clear_bss
 *(.init4)
 *(.init5)
 *(.init5)
 *(.init6)
 *(.init6)
 *(.init7)
 *(.init7)
 *(.init8)
 *(.init8)
 *(.init9)
 .init9         0x0000022a        0x6 C:/Program Files (x86)/Atmel/Studio/7.0/Packs/atmel/ATmega_DFP/1.3.300/gcc/dev/atmega1280/avr51/crtatmega1280.o
 *(.init9)
 *(.text)
 .text          0x00000230        0x2 C:/Program Files (x86)/Atmel/Studio/7.0/Packs/atmel/ATmega_DFP/1.3.300/gcc/dev/atmega1280/avr51/crtatmega1280.o
                0x00000230                __vector_38
                0x00000230                __vector_22
                0x00000230                __vector_28
                0x00000230                __vector_1
                0x00000230                __vector_32
                0x00000230                __vector_34
                0x00000230                __vector_24
                0x00000230                __vector_12
                0x00000230                __vector_46
                0x00000230                __bad_interrupt
                0x00000230                __vector_6
                0x00000230                __vector_31
                0x00000230                __vector_35
                0x00000230                __vector_39
                0x00000230                __vector_3
                0x00000230                __vector_30
                0x00000230                __vector_45
                0x00000230                __vector_11
                0x00000230                __vector_13
                0x00000230                __vector_17
                0x00000230                __vector_19
                0x00000230                __vector_56
                0x00000230                __vector_7
                0x00000230                __vector_49
                0x00000230                __vector_41
                0x00000230                __vector_43
                0x00000230                __vector_27
                0x00000230                __vector_5
                0x00000230                __vector_33
                0x00000230                __vector_47
                0x00000230                __vector_4
                0x00000230                __vector_44
                0x00000230                __vector_9
                0x00000230                __vector_2
                0x00000230                __vector_21
                0x00000230                __vector_15
                0x00000230                __vector_29
                0x00000230                __vector_40
                0x00000230                __vector_8
                0x00000230                __vector_48
                0x00000230                __vector_14
                0x00000230                __vector_53
                0x00000230                __vector_10
                0x00000230                __vector_50
                0x00000230                __vector_16
                0x00000230                __vector_18
                0x00000230                __vector_20
                0x00000230                __vector_42
                0x00000232                . = ALIGN (0x2)
 *(.text.*)
 .text.tickTWItimeoutCounter
                0x00000232       0x1c ds1621avr.o
                0x00000232                tickTWItimeoutCounter
 .text.enterTWIerrorState
                0x0000024e        0xe ds1621avr.o
                0x0000024e                enterTWIerrorState
 .text.twiHandler
                0x0000025c      0x11c ds1621avr.o
                0x0000025c                twiHandler
 .text.sensorWrite
                0x00000378       0x12 ds1621avr.o
                0x00000378                sensorWrite
 .text.sensorRead
                0x0000038a       0x12 ds1621avr.o
                0x0000038a                sensorRead
 .text.ds1621twi_init
                0x0000039c        0xc ds1621avr.o
                0x0000039c                ds1621twi_init
 .text.ds1621StateMachine
                0x000003a8      0x170 ds1621avr.o
                0x000003a8                ds1621StateMachine
 .text._LCD_OutNibble
                0x00000518       0x2a HD44780.o
                0x00000518                _LCD_OutNibble
 .text._LCD_InNibble
                0x00000542       0x12 HD44780.o
                0x00000542                _LCD_InNibble
 .text._LCD_Read
                0x00000554       0x2a HD44780.o
                0x00000554                _LCD_Read
 .text.LCD_ReadStatus
                0x0000057e        0x6 HD44780.o
                0x0000057e                LCD_ReadStatus
 .text._LCD_Write
                0x00000584       0x2a HD44780.o
                0x00000584                _LCD_Write
 .text.LCD_WriteCommand
                0x000005ae        0x6 HD44780.o
                0x000005ae                LCD_WriteCommand
 .text.LCD_WriteData
                0x000005b4        0x6 HD44780.o
                0x000005b4                LCD_WriteData
 .text.LCD_WriteText
                0x000005ba       0x1c HD44780.o
                0x000005ba                LCD_WriteText
 .text.LCD_GoTo
                0x000005d6        0xe HD44780.o
                0x000005d6                LCD_GoTo
 .text.LCD_Clear
                0x000005e4       0x12 HD44780.o
                0x000005e4                LCD_Clear
 .text.LCD_Initalize
                0x000005f6       0x68 HD44780.o
                0x000005f6                LCD_Initalize
 .text._Z17timer0100us_startv
                0x0000065e       0x12 main.o
                0x0000065e                _Z17timer0100us_startv
 .text.__vector_23
                0x00000670       0x4e main.o
                0x00000670                __vector_23
 .text.main     0x000006be      0x4d0 main.o
                0x000006be                main
 .text.uart3_putc
                0x00000b8e       0x30 usart.o
                0x00000b8e                uart3_putc
 .text.uart3_putstr
                0x00000bbe       0x1e usart.o
                0x00000bbe                uart3_putstr
 .text.uart3_getc
                0x00000bdc       0x26 usart.o
                0x00000bdc                uart3_getc
 .text.uart3_gets
                0x00000c02       0x34 usart.o
                0x00000c02                uart3_gets
 .text.__vector_26
                0x00000c36       0x3c usart.o
                0x00000c36                __vector_26
 .text.__vector_25
                0x00000c72       0x36 usart.o
                0x00000c72                __vector_25
 .text.__vector_37
                0x00000ca8       0x3c usart.o
                0x00000ca8                __vector_37
 .text.__vector_36
                0x00000ce4       0x36 usart.o
                0x00000ce4                __vector_36
 .text.__vector_52
                0x00000d1a       0x3c usart.o
                0x00000d1a                __vector_52
 .text.__vector_51
                0x00000d56       0x36 usart.o
                0x00000d56                __vector_51
 .text.__vector_55
                0x00000d8c       0x3c usart.o
                0x00000d8c                __vector_55
 .text.__vector_54
                0x00000dc8       0x36 usart.o
                0x00000dc8                __vector_54
 .text.avr-libc.fplib
                0x00000dfe        0xa c:/program files (x86)/atmel/studio/7.0/toolchain/avr8/avr8-gnu-toolchain/bin/../lib/gcc/avr/5.4.0/../../../../avr/lib/avr51\libm.a(addsf3.o)
                0x00000dfe                __subsf3
                0x00000e00                __addsf3
 .text.avr-libc.fplib
                0x00000e08       0xc0 c:/program files (x86)/atmel/studio/7.0/toolchain/avr8/avr8-gnu-toolchain/bin/../lib/gcc/avr/5.4.0/../../../../avr/lib/avr51\libm.a(addsf3x.o)
                0x00000e22                __addsf3x
 .text.avr-libc.fplib
                0x00000ec8        0x8 c:/program files (x86)/atmel/studio/7.0/toolchain/avr8/avr8-gnu-toolchain/bin/../lib/gcc/avr/5.4.0/../../../../avr/lib/avr51\libm.a(cmpsf2.o)
                0x00000ec8                __nesf2
                0x00000ec8                __eqsf2
                0x00000ec8                __cmpsf2
                0x00000ec8                __ltsf2
                0x00000ec8                __lesf2
 .text.avr-libc.fplib
                0x00000ed0        0x4 c:/program files (x86)/atmel/studio/7.0/toolchain/avr8/avr8-gnu-toolchain/bin/../lib/gcc/avr/5.4.0/../../../../avr/lib/avr51\libm.a(divsf3.o)
                0x00000ed0                __divsf3
 .text.avr-libc.fplib
                0x00000ed4       0xcc c:/program files (x86)/atmel/studio/7.0/toolchain/avr8/avr8-gnu-toolchain/bin/../lib/gcc/avr/5.4.0/../../../../avr/lib/avr51\libm.a(divsf3x.o)
                0x00000eea                __divsf3x
                0x00000eee                __divsf3_pse
 .text.avr-libc.fplib
                0x00000fa0       0x7a c:/program files (x86)/atmel/studio/7.0/toolchain/avr8/avr8-gnu-toolchain/bin/../lib/gcc/avr/5.4.0/../../../../avr/lib/avr51\libm.a(floatsisf.o)
                0x00000fa0                __floatunsisf
                0x00000fa4                __floatsisf
 .text.avr-libc.fplib
                0x0000101a       0x48 c:/program files (x86)/atmel/studio/7.0/toolchain/avr8/avr8-gnu-toolchain/bin/../lib/gcc/avr/5.4.0/../../../../avr/lib/avr51\libm.a(fp_cmp.o)
                0x0000101a                __fp_cmp
 .text.avr-libc.fplib
                0x00001062        0xc c:/program files (x86)/atmel/studio/7.0/toolchain/avr8/avr8-gnu-toolchain/bin/../lib/gcc/avr/5.4.0/../../../../avr/lib/avr51\libm.a(fp_inf.o)
                0x00001062                __fp_inf
 .text.avr-libc.fplib
                0x0000106e        0x6 c:/program files (x86)/atmel/studio/7.0/toolchain/avr8/avr8-gnu-toolchain/bin/../lib/gcc/avr/5.4.0/../../../../avr/lib/avr51\libm.a(fp_nan.o)
                0x0000106e                __fp_nan
 .text.avr-libc.fplib
                0x00001074        0xe c:/program files (x86)/atmel/studio/7.0/toolchain/avr8/avr8-gnu-toolchain/bin/../lib/gcc/avr/5.4.0/../../../../avr/lib/avr51\libm.a(fp_pscA.o)
                0x00001074                __fp_pscA
 .text.avr-libc.fplib
                0x00001082        0xe c:/program files (x86)/atmel/studio/7.0/toolchain/avr8/avr8-gnu-toolchain/bin/../lib/gcc/avr/5.4.0/../../../../avr/lib/avr51\libm.a(fp_pscB.o)
                0x00001082                __fp_pscB
 .text.avr-libc.fplib
                0x00001090       0x22 c:/program files (x86)/atmel/studio/7.0/toolchain/avr8/avr8-gnu-toolchain/bin/../lib/gcc/avr/5.4.0/../../../../avr/lib/avr51\libm.a(fp_round.o)
                0x00001090                __fp_round
 .text.avr-libc.fplib
                0x000010b2       0x44 c:/program files (x86)/atmel/studio/7.0/toolchain/avr8/avr8-gnu-toolchain/bin/../lib/gcc/avr/5.4.0/../../../../avr/lib/avr51\libm.a(fp_split3.o)
                0x000010b2                __fp_split3
                0x000010c2                __fp_splitA
 .text.avr-libc.fplib
                0x000010f6        0xe c:/program files (x86)/atmel/studio/7.0/toolchain/avr8/avr8-gnu-toolchain/bin/../lib/gcc/avr/5.4.0/../../../../avr/lib/avr51\libm.a(fp_zero.o)
                0x000010f6                __fp_zero
                0x000010f8                __fp_szero
 .text.avr-libc.fplib
                0x00001104        0x8 c:/program files (x86)/atmel/studio/7.0/toolchain/avr8/avr8-gnu-toolchain/bin/../lib/gcc/avr/5.4.0/../../../../avr/lib/avr51\libm.a(gesf2.o)
                0x00001104                __gesf2
                0x00001104                __gtsf2
 .text.avr-libc
                0x0000110c      0x712 c:/program files (x86)/atmel/studio/7.0/toolchain/avr8/avr8-gnu-toolchain/bin/../lib/gcc/avr/5.4.0/../../../../avr/lib/avr51\libprintf_flt.a(vfprintf_flt.o)
                0x0000110c                vfprintf
 .text.libgcc.div
                0x0000181e       0x26 c:/program files (x86)/atmel/studio/7.0/toolchain/avr8/avr8-gnu-toolchain/bin/../lib/gcc/avr/5.4.0/avr51\libgcc.a(_divmodhi4.o)
                0x0000181e                _div
                0x0000181e                __divmodhi4
 .text.libgcc   0x00001844       0x12 c:/program files (x86)/atmel/studio/7.0/toolchain/avr8/avr8-gnu-toolchain/bin/../lib/gcc/avr/5.4.0/avr51\libgcc.a(_tablejump2.o)
                0x00001844                __tablejump2__
 .text.libgcc.div
                0x00001856       0x28 c:/program files (x86)/atmel/studio/7.0/toolchain/avr8/avr8-gnu-toolchain/bin/../lib/gcc/avr/5.4.0/avr51\libgcc.a(_udivmodhi4.o)
                0x00001856                __udivmodhi4
 .text.avr-libc
                0x0000187e      0x1b0 c:/program files (x86)/atmel/studio/7.0/toolchain/avr8/avr8-gnu-toolchain/bin/../lib/gcc/avr/5.4.0/../../../../avr/lib/avr51\libc.a(ftoa_engine.o)
                0x0000187e                __ftoa_engine
 .text.avr-libc
                0x00001a2e       0x16 c:/program files (x86)/atmel/studio/7.0/toolchain/avr8/avr8-gnu-toolchain/bin/../lib/gcc/avr/5.4.0/../../../../avr/lib/avr51\libc.a(strnlen_P.o)
                0x00001a2e                strnlen_P
 .text.avr-libc
                0x00001a44       0x16 c:/program files (x86)/atmel/studio/7.0/toolchain/avr8/avr8-gnu-toolchain/bin/../lib/gcc/avr/5.4.0/../../../../avr/lib/avr51\libc.a(strnlen.o)
                0x00001a44                strnlen
 .text.avr-libc
                0x00001a5a       0x78 c:/program files (x86)/atmel/studio/7.0/toolchain/avr8/avr8-gnu-toolchain/bin/../lib/gcc/avr/5.4.0/../../../../avr/lib/avr51\libc.a(fputc.o)
                0x00001a5a                fputc
 .text.avr-libc
                0x00001ad2       0x5c c:/program files (x86)/atmel/studio/7.0/toolchain/avr8/avr8-gnu-toolchain/bin/../lib/gcc/avr/5.4.0/../../../../avr/lib/avr51\libc.a(sprintf.o)
                0x00001ad2                sprintf
 .text.avr-libc
                0x00001b2e       0xbc c:/program files (x86)/atmel/studio/7.0/toolchain/avr8/avr8-gnu-toolchain/bin/../lib/gcc/avr/5.4.0/../../../../avr/lib/avr51\libc.a(ultoa_invert.o)
                0x00001b2e                __ultoa_invert
 .text.avr-libc
                0x00001bea       0x20 C:/Program Files (x86)/Atmel/Studio/7.0/Packs/atmel/ATmega_DFP/1.3.300/gcc/dev/atmega1280/avr51\libatmega1280.a(eerd_block.o)
                0x00001bea                eeprom_read_block
                0x00001bee                eeprom_read_blraw
                0x00001c0a                . = ALIGN (0x2)
 *(.fini9)
 .fini9         0x00001c0a        0x0 c:/program files (x86)/atmel/studio/7.0/toolchain/avr8/avr8-gnu-toolchain/bin/../lib/gcc/avr/5.4.0/avr51\libgcc.a(_exit.o)
                0x00001c0a                _exit
                0x00001c0a                exit
 *(.fini9)
 *(.fini8)
 *(.fini8)
 *(.fini7)
 *(.fini7)
 *(.fini6)
 *(.fini6)
 *(.fini5)
 *(.fini5)
 *(.fini4)
 *(.fini4)
 *(.fini3)
 *(.fini3)
 *(.fini2)
 *(.fini2)
 *(.fini1)
 *(.fini1)
 *(.fini0)
 .fini0         0x00001c0a        0x4 c:/program files (x86)/atmel/studio/7.0/toolchain/avr8/avr8-gnu-toolchain/bin/../lib/gcc/avr/5.4.0/avr51\libgcc.a(_exit.o)
 *(.fini0)
                0x00001c0e                _etext = .

.data           0x00800200       0x36 load address 0x00001c0e
                0x00800200                PROVIDE (__data_start, .)
 *(.data)
 *(.data*)
 .data.DSStaMaStates
                0x00800200        0x1 ds1621avr.o
                0x00800200                DSStaMaStates
 *(.gnu.linkonce.d*)
 *(.rodata)
 *(.rodata*)
 .rodata.str1.1
                0x00800201       0x34 main.o
 *(.gnu.linkonce.r*)
                0x00800236                . = ALIGN (0x2)
 *fill*         0x00800235        0x1 
                0x00800236                _edata = .
                0x00800236                PROVIDE (__data_end, .)

.bss            0x00800236      0x121
                0x00800236                PROVIDE (__bss_start, .)
 *(.bss)
 *(.bss*)
 .bss.twiState  0x00800236        0x1 ds1621avr.o
                0x00800236                twiState
 .bss.twiTimeoutCounter
                0x00800237        0x1 ds1621avr.o
                0x00800237                twiTimeoutCounter
 .bss.count_Per_C
                0x00800238        0x2 ds1621avr.o
                0x00800238                count_Per_C
 .bss.count_Remain
                0x0080023a        0x2 ds1621avr.o
                0x0080023a                count_Remain
 .bss.temperatureRawHighbyte
                0x0080023c        0x2 ds1621avr.o
                0x0080023c                temperatureRawHighbyte
 .bss.sensorCount
                0x0080023e        0x1 ds1621avr.o
                0x0080023e                sensorCount
 .bss.tempReadCounterA
                0x0080023f        0x2 ds1621avr.o
                0x0080023f                tempReadCounterA
 .bss.temperatures
                0x00800241        0x2 main.o
                0x00800241                temperatures
 .bss.outputDataPtr
                0x00800243        0x2 main.o
                0x00800243                outputDataPtr
 *(COMMON)
 COMMON         0x00800245        0x2 ds1621avr.o
                0x00800245                TWIdataArray
 COMMON         0x00800247      0x110 usart.o
                0x00800247                tx2_Tail
                0x00800248                rx2_Head
                0x00800249                tx3_buffer
                0x00800269                rx3_Head
                0x0080026a                rx0_buffer
                0x0080028a                rx1_Tail
                0x0080028b                tx0_Tail
                0x0080028c                rx0_Tail
                0x0080028d                tx3_Head
                0x0080028e                tx1_buffer
                0x008002ae                rx3_Tail
                0x008002af                tx3_Tail
                0x008002b0                tx0_Head
                0x008002b1                rx1_buffer
                0x008002d1                rx0_Head
                0x008002d2                tx1_Tail
                0x008002d3                tx2_buffer
                0x008002f3                rx1_Head
                0x008002f4                rx2_Tail
                0x008002f5                rx3_buffer
                0x00800315                tx1_Head
                0x00800316                rx2_buffer
                0x00800336                tx0_buffer
                0x00800356                tx2_Head
                0x00800357                PROVIDE (__bss_end, .)
                0x00001c0e                __data_load_start = LOADADDR (.data)
                0x00001c44                __data_load_end = (__data_load_start + SIZEOF (.data))

.noinit         0x00800357        0x0
                [!provide]                PROVIDE (__noinit_start, .)
 *(.noinit*)
                [!provide]                PROVIDE (__noinit_end, .)
                0x00800357                _end = .
                [!provide]                PROVIDE (__heap_start, .)

.eeprom         0x00810000       0x30
 *(.eeprom*)
 .eeprom        0x00810000       0x30 main.o
                0x00810000                hysteresis_eem
                0x00810004                ledbar_leds_threshold_eem
                0x00810024                transmiters_threshold_eem
                0x00810030                __eeprom_end = .

.fuse
 *(.fuse)
 *(.lfuse)
 *(.hfuse)
 *(.efuse)

.lock
 *(.lock*)

.signature
 *(.signature*)

.user_signatures
 *(.user_signatures*)

.stab
 *(.stab)

.stabstr
 *(.stabstr)

.stab.excl
 *(.stab.excl)

.stab.exclstr
 *(.stab.exclstr)

.stab.index
 *(.stab.index)

.stab.indexstr
 *(.stab.indexstr)

.comment        0x00000000       0x5c
 *(.comment)
 .comment       0x00000000       0x30 ds1621avr.o
                                 0x31 (size before relaxing)
 .comment       0x00000030       0x31 HD44780.o
 .comment       0x00000030       0x31 main.o
 .comment       0x00000030       0x31 usart.o
 .comment       0x00000030       0x2c c:/program files (x86)/atmel/studio/7.0/toolchain/avr8/avr8-gnu-toolchain/bin/../lib/gcc/avr/5.4.0/../../../../avr/lib/avr51\libprintf_flt.a(vfprintf_flt.o)
                                 0x2d (size before relaxing)
 .comment       0x0000005c       0x31 c:/program files (x86)/atmel/studio/7.0/toolchain/avr8/avr8-gnu-toolchain/bin/../lib/gcc/avr/5.4.0/../../../../avr/lib/avr51\libc.a(fputc.o)
 .comment       0x0000005c       0x31 c:/program files (x86)/atmel/studio/7.0/toolchain/avr8/avr8-gnu-toolchain/bin/../lib/gcc/avr/5.4.0/../../../../avr/lib/avr51\libc.a(sprintf.o)

.note.gnu.avr.deviceinfo
                0x00000000       0x40
 .note.gnu.avr.deviceinfo
                0x00000000       0x40 C:/Program Files (x86)/Atmel/Studio/7.0/Packs/atmel/ATmega_DFP/1.3.300/gcc/dev/atmega1280/avr51/crtatmega1280.o

.note.gnu.build-id
 *(.note.gnu.build-id)

.debug
 *(.debug)

.line
 *(.line)

.debug_srcinfo
 *(.debug_srcinfo)

.debug_sfnames
 *(.debug_sfnames)

.debug_aranges  0x00000000      0x530
 *(.debug_aranges)
 .debug_aranges
                0x00000000       0x78 ds1621avr.o
 .debug_aranges
                0x00000078       0x80 HD44780.o
 .debug_aranges
                0x000000f8       0x30 main.o
 .debug_aranges
                0x00000128      0x3e8 usart.o
 .debug_aranges
                0x00000510       0x20 C:/Program Files (x86)/Atmel/Studio/7.0/Packs/atmel/ATmega_DFP/1.3.300/gcc/dev/atmega1280/avr51\libatmega1280.a(eerd_block.o)

.debug_pubnames
 *(.debug_pubnames)

.debug_info     0x00000000     0x56e1
 *(.debug_info .gnu.linkonce.wi.*)
 .debug_info    0x00000000      0xbbc C:/Program Files (x86)/Atmel/Studio/7.0/Packs/atmel/ATmega_DFP/1.3.300/gcc/dev/atmega1280/avr51/crtatmega1280.o
 .debug_info    0x00000bbc      0x3d7 ds1621avr.o
 .debug_info    0x00000f93      0x529 HD44780.o
 .debug_info    0x000014bc      0x655 main.o
 .debug_info    0x00001b11     0x3b34 usart.o
 .debug_info    0x00005645       0x9c C:/Program Files (x86)/Atmel/Studio/7.0/Packs/atmel/ATmega_DFP/1.3.300/gcc/dev/atmega1280/avr51\libatmega1280.a(eerd_block.o)

.debug_abbrev   0x00000000     0x12f6
 *(.debug_abbrev)
 .debug_abbrev  0x00000000      0xb1a C:/Program Files (x86)/Atmel/Studio/7.0/Packs/atmel/ATmega_DFP/1.3.300/gcc/dev/atmega1280/avr51/crtatmega1280.o
 .debug_abbrev  0x00000b1a      0x113 ds1621avr.o
 .debug_abbrev  0x00000c2d      0x199 HD44780.o
 .debug_abbrev  0x00000dc6      0x202 main.o
 .debug_abbrev  0x00000fc8      0x31a usart.o
 .debug_abbrev  0x000012e2       0x14 C:/Program Files (x86)/Atmel/Studio/7.0/Packs/atmel/ATmega_DFP/1.3.300/gcc/dev/atmega1280/avr51\libatmega1280.a(eerd_block.o)

.debug_line     0x00000000     0x29b2
 *(.debug_line .debug_line.* .debug_line_end)
 .debug_line    0x00000000      0x1ed C:/Program Files (x86)/Atmel/Studio/7.0/Packs/atmel/ATmega_DFP/1.3.300/gcc/dev/atmega1280/avr51/crtatmega1280.o
 .debug_line    0x000001ed      0x412 ds1621avr.o
 .debug_line    0x000005ff      0x419 HD44780.o
 .debug_line    0x00000a18      0x3d8 main.o
 .debug_line    0x00000df0     0x1b17 usart.o
 .debug_line    0x00002907       0xab C:/Program Files (x86)/Atmel/Studio/7.0/Packs/atmel/ATmega_DFP/1.3.300/gcc/dev/atmega1280/avr51\libatmega1280.a(eerd_block.o)

.debug_frame    0x00000000      0xfd4
 *(.debug_frame)
 .debug_frame   0x00000000       0xd4 ds1621avr.o
 .debug_frame   0x000000d4      0x10c HD44780.o
 .debug_frame   0x000001e0       0x9c main.o
 .debug_frame   0x0000027c      0xd58 usart.o

.debug_str      0x00000000     0x13f0
 *(.debug_str)
 .debug_str     0x00000000      0x3e6 C:/Program Files (x86)/Atmel/Studio/7.0/Packs/atmel/ATmega_DFP/1.3.300/gcc/dev/atmega1280/avr51/crtatmega1280.o
 .debug_str     0x000003e6      0x30c ds1621avr.o
                                0x348 (size before relaxing)
 .debug_str     0x000006f2      0x128 HD44780.o
                                0x2c5 (size before relaxing)
 .debug_str     0x0000081a      0x2f1 main.o
                                0x4c1 (size before relaxing)
 .debug_str     0x00000b0b      0x8e5 usart.o
                                0xb88 (size before relaxing)

.debug_loc      0x00000000     0x4ee5
 *(.debug_loc)
 .debug_loc     0x00000000       0x9a ds1621avr.o
 .debug_loc     0x0000009a      0x374 HD44780.o
 .debug_loc     0x0000040e      0x314 main.o
 .debug_loc     0x00000722     0x47c3 usart.o

.debug_macinfo
 *(.debug_macinfo)

.debug_weaknames
 *(.debug_weaknames)

.debug_funcnames
 *(.debug_funcnames)

.debug_typenames
 *(.debug_typenames)

.debug_varnames
 *(.debug_varnames)

.debug_pubtypes
 *(.debug_pubtypes)

.debug_ranges   0x00000000      0x4e8
 *(.debug_ranges)
 .debug_ranges  0x00000000       0x68 ds1621avr.o
 .debug_ranges  0x00000068       0x70 HD44780.o
 .debug_ranges  0x000000d8       0x38 main.o
 .debug_ranges  0x00000110      0x3d8 usart.o

.debug_macro
 *(.debug_macro)
OUTPUT(Pokojowy regulator temepratury.elf elf32-avr)
LOAD linker stubs
